------------------------------------------------------------
Timing Analyzer Summary
------------------------------------------------------------

Type  : Slow 1100mV 85C Model Setup 'CLOCK_50'
Slack : -2.344
TNS   : -99.374

Type  : Slow 1100mV 85C Model Hold 'CLOCK_50'
Slack : 0.355
TNS   : 0.000

Type  : Slow 1100mV 85C Model Minimum Pulse Width 'CLOCK_50'
Slack : -0.394
TNS   : -25.320

Type  : Slow 1100mV 0C Model Setup 'CLOCK_50'
Slack : -2.265
TNS   : -95.595

Type  : Slow 1100mV 0C Model Hold 'CLOCK_50'
Slack : 0.373
TNS   : 0.000

Type  : Slow 1100mV 0C Model Minimum Pulse Width 'CLOCK_50'
Slack : -0.394
TNS   : -27.436

Type  : Fast 1100mV 85C Model Setup 'CLOCK_50'
Slack : -0.959
TNS   : -37.419

Type  : Fast 1100mV 85C Model Hold 'CLOCK_50'
Slack : 0.177
TNS   : 0.000

Type  : Fast 1100mV 85C Model Minimum Pulse Width 'CLOCK_50'
Slack : -0.084
TNS   : -3.833

Type  : Fast 1100mV 0C Model Setup 'CLOCK_50'
Slack : -0.794
TNS   : -30.321

Type  : Fast 1100mV 0C Model Hold 'CLOCK_50'
Slack : 0.168
TNS   : 0.000

Type  : Fast 1100mV 0C Model Minimum Pulse Width 'CLOCK_50'
Slack : -0.082
TNS   : -3.788

------------------------------------------------------------
